[14:51:08] TASK tag=muon seed=1337 opt=muon depth_share=1 tie=0
[14:51:08] tokenizer=C:\Users\35586\AppData\Local\Temp\c2g_6c4711c0_fineweb_1024_bpe.model
[14:51:08] data train_shard=fineweb_train_000000.bin val_tokens_available=62021633 val_eval_tokens=294913
[14:51:08] anchor uniform_over_vocab bpb=4.093601 tokens_per_byte=0.409360 tokens=294912
[14:51:08] model params=3737872 effective_depth=4
[14:51:09] optimizers=['muon', 'adamw_scalars'] lr=0.003 muon_lr=0.02
[14:51:11] step 0 loss 6.9797 lr 7.500e-05 elapsed 0.0s tok 3072
[14:51:12] step 1 loss 6.7948 lr 1.500e-04 elapsed 1.2s tok 6144
[14:51:42] step 25 loss 5.5059 lr 1.950e-03 elapsed 31.2s tok 79872
[14:52:13] step 50 loss 5.0922 lr 2.995e-03 elapsed 62.6s tok 156672
[14:52:46] step 75 loss 4.6868 lr 2.938e-03 elapsed 94.9s tok 233472
[14:53:38] step 100 loss 4.5117 lr 2.819e-03 elapsed 147.3s tok 310272
[14:54:10] step 125 loss 4.7251 lr 2.645e-03 elapsed 179.0s tok 387072
[14:54:42] step 150 loss 4.6245 lr 2.424e-03 elapsed 211.2s tok 463872
[14:55:14] step 175 loss 4.6139 lr 2.167e-03 elapsed 242.8s tok 540672
[14:55:47] step 200 loss 4.3295 lr 1.884e-03 elapsed 276.4s tok 617472
[14:56:22] step 225 loss 4.3299 lr 1.591e-03 elapsed 311.0s tok 694272
[14:56:57] step 250 loss 4.2951 lr 1.301e-03 elapsed 345.8s tok 771072
[14:57:32] step 275 loss 4.4637 lr 1.027e-03 elapsed 380.8s tok 847872
[14:58:08] step 300 loss 4.2037 lr 7.822e-04 elapsed 416.8s tok 924672
[14:58:44] step 325 loss 4.2896 lr 5.790e-04 elapsed 452.7s tok 1001472
[14:59:21] step 350 loss 4.1893 lr 4.265e-04 elapsed 490.0s tok 1078272
[14:59:55] step 375 loss 4.0807 lr 3.320e-04 elapsed 524.3s tok 1155072
[15:00:31] train done steps=400 tokens=1228800 wall=561.4s s/step=1.403 tail_loss=4.1936
[15:01:08] final val_loss=4.2143 val_bpb=2.4889 tokens_per_byte=0.409360 eval_tokens=294912
[15:01:08] int8+zlib artifact bytes=3498750 raw=3784401 file=muon_seed1337.int8.pt under_16MB=True
[15:01:45] final_int8_zlib_roundtrip val_loss=4.2144 val_bpb=2.4889
[15:01:45] RESULT {"tag": "muon", "seed": 1337, "opt": "muon", "tie": false, "depth_share": 1, "dim": 256, "layers": 4, "heads": 4, "effective_depth": 4, "seq": 256, "batch": 12, "steps": 400, "tokens_seen": 1228800, "wall_seconds": 561.37, "seconds_per_step": 1.4034, "train_tail_loss": 4.1936, "n_params": 3737872, "lr": 0.003, "muon_lr": 0.02, "val_loss": 4.2143, "val_bpb": 2.488902, "tokens_per_byte": 0.40936, "eval_tokens": 294912, "artifact_bytes_zlib_int8": 3498750, "artifact_bytes_raw": 3784401, "artifact_under_16mb": true, "int8_val_loss": 4.2144, "int8_val_bpb": 2.488922, "quant_bpb_delta": 2.1e-05, "anchor_bpb_uniform": 4.093601, "anchor_tokens_per_byte": 0.40936, "threads": 4, "torch": "2.14.1+cpu", "device": "cpu"}
