[15:01:51] TASK tag=tie seed=1337 opt=adamw depth_share=1 tie=1
[15:01:51] tokenizer=C:\Users\35586\AppData\Local\Temp\c2g_6c4711c0_fineweb_1024_bpe.model
[15:01:52] data train_shard=fineweb_train_000000.bin val_tokens_available=62021633 val_eval_tokens=294913
[15:01:52] anchor uniform_over_vocab bpb=4.093601 tokens_per_byte=0.409360 tokens=294912
[15:01:52] model params=3475728 effective_depth=4
[15:01:54] optimizers=['adamw'] lr=0.003 muon_lr=0.02
[15:01:55] step 0 loss 6.9854 lr 7.500e-05 elapsed 0.0s tok 3072
[15:01:56] step 1 loss 6.9414 lr 1.500e-04 elapsed 1.2s tok 6144
[15:02:25] step 25 loss 6.0715 lr 1.950e-03 elapsed 29.9s tok 79872
[15:02:54] step 50 loss 5.9581 lr 2.995e-03 elapsed 58.7s tok 156672
[15:03:22] step 75 loss 5.4483 lr 2.938e-03 elapsed 87.0s tok 233472
[15:03:50] step 100 loss 5.2253 lr 2.819e-03 elapsed 114.8s tok 310272
[15:04:20] step 125 loss 5.3058 lr 2.645e-03 elapsed 144.5s tok 387072
[15:04:51] step 150 loss 5.2533 lr 2.424e-03 elapsed 176.4s tok 463872
[15:05:24] step 175 loss 5.2057 lr 2.167e-03 elapsed 208.5s tok 540672
[15:05:59] step 200 loss 4.9474 lr 1.884e-03 elapsed 243.5s tok 617472
[15:06:34] step 225 loss 4.9526 lr 1.591e-03 elapsed 278.8s tok 694272
[15:07:08] step 250 loss 4.8688 lr 1.301e-03 elapsed 312.3s tok 771072
[15:07:42] step 275 loss 5.0474 lr 1.027e-03 elapsed 346.5s tok 847872
[15:08:15] step 300 loss 4.8621 lr 7.822e-04 elapsed 379.7s tok 924672
[15:08:49] step 325 loss 4.8164 lr 5.790e-04 elapsed 413.7s tok 1001472
[15:10:44] step 350 loss 4.7952 lr 4.265e-04 elapsed 519.2s tok 1078272
[15:14:39] step 375 loss 4.6472 lr 3.320e-04 elapsed 757.3s tok 1155072
[15:16:56] stop: wall-clock budget reached at step 393 (902.5s)
[15:16:56] train done steps=393 tokens=1207296 wall=902.5s s/step=2.296 tail_loss=4.7410
[15:19:23] final val_loss=4.7526 val_bpb=2.8068 tokens_per_byte=0.409360 eval_tokens=294912
[15:19:24] int8+zlib artifact bytes=3519724 raw=3784401 file=tie_seed1337.int8.pt under_16MB=True
