[15:01:51] TASK tag=tie seed=7 opt=adamw depth_share=1 tie=1
[15:01:51] tokenizer=C:\Users\35586\AppData\Local\Temp\c2g_6c4711c0_fineweb_1024_bpe.model
[15:01:51] data train_shard=fineweb_train_000000.bin val_tokens_available=62021633 val_eval_tokens=294913
[15:01:51] anchor uniform_over_vocab bpb=4.093601 tokens_per_byte=0.409360 tokens=294912
[15:01:51] model params=3475728 effective_depth=4
[15:01:54] optimizers=['adamw'] lr=0.003 muon_lr=0.02
[15:01:55] step 0 loss 6.9806 lr 7.500e-05 elapsed 0.0s tok 3072
[15:01:56] step 1 loss 6.9414 lr 1.500e-04 elapsed 1.1s tok 6144
[15:02:25] step 25 loss 6.0677 lr 1.950e-03 elapsed 29.6s tok 79872
[15:02:53] step 50 loss 6.0140 lr 2.995e-03 elapsed 58.5s tok 156672
[15:03:22] step 75 loss 5.5077 lr 2.938e-03 elapsed 86.9s tok 233472
[15:03:49] step 100 loss 5.3041 lr 2.819e-03 elapsed 114.3s tok 310272
[15:04:17] step 125 loss 5.3246 lr 2.645e-03 elapsed 142.1s tok 387072
[15:04:46] step 150 loss 5.3062 lr 2.424e-03 elapsed 170.9s tok 463872
[15:05:17] step 175 loss 5.2829 lr 2.167e-03 elapsed 201.6s tok 540672
[15:05:51] step 200 loss 5.0016 lr 1.884e-03 elapsed 235.7s tok 617472
[15:06:25] step 225 loss 5.0264 lr 1.591e-03 elapsed 269.5s tok 694272
[15:06:59] step 250 loss 4.9598 lr 1.301e-03 elapsed 304.1s tok 771072
[15:07:33] step 275 loss 5.0971 lr 1.027e-03 elapsed 338.1s tok 847872
[15:08:07] step 300 loss 4.9513 lr 7.822e-04 elapsed 371.9s tok 924672
[15:08:42] step 325 loss 4.8822 lr 5.790e-04 elapsed 406.5s tok 1001472
[15:09:48] step 350 loss 4.8449 lr 4.265e-04 elapsed 464.0s tok 1078272
[15:13:56] step 375 loss 4.7269 lr 3.320e-04 elapsed 713.9s tok 1155072
[15:16:57] stop: wall-clock budget reached at step 398 (903.0s)
[15:16:57] train done steps=398 tokens=1222656 wall=903.0s s/step=2.269 tail_loss=4.8016
[15:19:23] final val_loss=4.8171 val_bpb=2.8449 tokens_per_byte=0.409360 eval_tokens=294912
[15:19:24] int8+zlib artifact bytes=3525283 raw=3784401 file=tie_seed7.int8.pt under_16MB=True
